/home/augustin/robot-ai-mission-planner/install/robot_ai_mission_planner/lib/python3.10/site-packages/robot_ai_mission_planner/main.py
/home/augustin/robot-ai-mission-planner/install/robot_ai_mission_planner/lib/python3.10/site-packages/robot_ai_mission_planner/__init__.py
/home/augustin/robot-ai-mission-planner/install/robot_ai_mission_planner/lib/python3.10/site-packages/robot_ai_mission_planner/initial_pose_publisher.py
/home/augustin/robot-ai-mission-planner/install/robot_ai_mission_planner/lib/python3.10/site-packages/robot_ai_mission_planner/executor_node.py
/home/augustin/robot-ai-mission-planner/install/robot_ai_mission_planner/lib/python3.10/site-packages/robot_ai_mission_planner/route_recorder.py
/home/augustin/robot-ai-mission-planner/install/robot_ai_mission_planner/lib/python3.10/site-packages/robot_ai_mission_planner/mission_subscriber.py
/home/augustin/robot-ai-mission-planner/install/robot_ai_mission_planner/lib/python3.10/site-packages/robot_ai_mission_planner/mission_publisher.py
/home/augustin/robot-ai-mission-planner/install/robot_ai_mission_planner/lib/python3.10/site-packages/robot_ai_mission_planner/validator/json_validator.py
/home/augustin/robot-ai-mission-planner/install/robot_ai_mission_planner/lib/python3.10/site-packages/robot_ai_mission_planner/validator/__init__.py
/home/augustin/robot-ai-mission-planner/install/robot_ai_mission_planner/lib/python3.10/site-packages/robot_ai_mission_planner/interfaces/mission_schema.py
/home/augustin/robot-ai-mission-planner/install/robot_ai_mission_planner/lib/python3.10/site-packages/robot_ai_mission_planner/interfaces/__init__.py
/home/augustin/robot-ai-mission-planner/install/robot_ai_mission_planner/lib/python3.10/site-packages/robot_ai_mission_planner/executor/mission_executor.py
/home/augustin/robot-ai-mission-planner/install/robot_ai_mission_planner/lib/python3.10/site-packages/robot_ai_mission_planner/executor/__init__.py
/home/augustin/robot-ai-mission-planner/install/robot_ai_mission_planner/lib/python3.10/site-packages/robot_ai_mission_planner/mission_llm/prompts.py
/home/augustin/robot-ai-mission-planner/install/robot_ai_mission_planner/lib/python3.10/site-packages/robot_ai_mission_planner/mission_llm/ollama_planner.py
/home/augustin/robot-ai-mission-planner/install/robot_ai_mission_planner/lib/python3.10/site-packages/robot_ai_mission_planner/mission_llm/__init__.py
/home/augustin/robot-ai-mission-planner/install/robot_ai_mission_planner/lib/python3.10/site-packages/robot_ai_mission_planner/mission_llm/rule_based_planner.py
/home/augustin/robot-ai-mission-planner/install/robot_ai_mission_planner/lib/python3.10/site-packages/robot_ai_mission_planner/__pycache__/main.cpython-310.pyc
/home/augustin/robot-ai-mission-planner/install/robot_ai_mission_planner/lib/python3.10/site-packages/robot_ai_mission_planner/__pycache__/__init__.cpython-310.pyc
/home/augustin/robot-ai-mission-planner/install/robot_ai_mission_planner/lib/python3.10/site-packages/robot_ai_mission_planner/__pycache__/initial_pose_publisher.cpython-310.pyc
/home/augustin/robot-ai-mission-planner/install/robot_ai_mission_planner/lib/python3.10/site-packages/robot_ai_mission_planner/__pycache__/executor_node.cpython-310.pyc
/home/augustin/robot-ai-mission-planner/install/robot_ai_mission_planner/lib/python3.10/site-packages/robot_ai_mission_planner/__pycache__/route_recorder.cpython-310.pyc
/home/augustin/robot-ai-mission-planner/install/robot_ai_mission_planner/lib/python3.10/site-packages/robot_ai_mission_planner/__pycache__/mission_subscriber.cpython-310.pyc
/home/augustin/robot-ai-mission-planner/install/robot_ai_mission_planner/lib/python3.10/site-packages/robot_ai_mission_planner/__pycache__/mission_publisher.cpython-310.pyc
/home/augustin/robot-ai-mission-planner/install/robot_ai_mission_planner/lib/python3.10/site-packages/robot_ai_mission_planner/validator/__pycache__/json_validator.cpython-310.pyc
/home/augustin/robot-ai-mission-planner/install/robot_ai_mission_planner/lib/python3.10/site-packages/robot_ai_mission_planner/validator/__pycache__/__init__.cpython-310.pyc
/home/augustin/robot-ai-mission-planner/install/robot_ai_mission_planner/lib/python3.10/site-packages/robot_ai_mission_planner/interfaces/__pycache__/mission_schema.cpython-310.pyc
/home/augustin/robot-ai-mission-planner/install/robot_ai_mission_planner/lib/python3.10/site-packages/robot_ai_mission_planner/interfaces/__pycache__/__init__.cpython-310.pyc
/home/augustin/robot-ai-mission-planner/install/robot_ai_mission_planner/lib/python3.10/site-packages/robot_ai_mission_planner/executor/__pycache__/mission_executor.cpython-310.pyc
/home/augustin/robot-ai-mission-planner/install/robot_ai_mission_planner/lib/python3.10/site-packages/robot_ai_mission_planner/executor/__pycache__/__init__.cpython-310.pyc
/home/augustin/robot-ai-mission-planner/install/robot_ai_mission_planner/lib/python3.10/site-packages/robot_ai_mission_planner/mission_llm/__pycache__/prompts.cpython-310.pyc
/home/augustin/robot-ai-mission-planner/install/robot_ai_mission_planner/lib/python3.10/site-packages/robot_ai_mission_planner/mission_llm/__pycache__/ollama_planner.cpython-310.pyc
/home/augustin/robot-ai-mission-planner/install/robot_ai_mission_planner/lib/python3.10/site-packages/robot_ai_mission_planner/mission_llm/__pycache__/__init__.cpython-310.pyc
/home/augustin/robot-ai-mission-planner/install/robot_ai_mission_planner/lib/python3.10/site-packages/robot_ai_mission_planner/mission_llm/__pycache__/rule_based_planner.cpython-310.pyc
/home/augustin/robot-ai-mission-planner/install/robot_ai_mission_planner/share/ament_index/resource_index/packages/robot_ai_mission_planner
/home/augustin/robot-ai-mission-planner/install/robot_ai_mission_planner/share/robot_ai_mission_planner/package.xml
/home/augustin/robot-ai-mission-planner/install/robot_ai_mission_planner/share/robot_ai_mission_planner/missions/inspection_loop.json
/home/augustin/robot-ai-mission-planner/install/robot_ai_mission_planner/share/robot_ai_mission_planner/missions/perimeter_loop.json
/home/augustin/robot-ai-mission-planner/install/robot_ai_mission_planner/share/robot_ai_mission_planner/missions/sample_mission.json
/home/augustin/robot-ai-mission-planner/install/robot_ai_mission_planner/share/robot_ai_mission_planner/missions/warehouse_route.json
/home/augustin/robot-ai-mission-planner/install/robot_ai_mission_planner/share/robot_ai_mission_planner/launch/full_system.launch.py
/home/augustin/robot-ai-mission-planner/install/robot_ai_mission_planner/lib/python3.10/site-packages/robot_ai_mission_planner-0.1.0-py3.10.egg-info/requires.txt
/home/augustin/robot-ai-mission-planner/install/robot_ai_mission_planner/lib/python3.10/site-packages/robot_ai_mission_planner-0.1.0-py3.10.egg-info/top_level.txt
/home/augustin/robot-ai-mission-planner/install/robot_ai_mission_planner/lib/python3.10/site-packages/robot_ai_mission_planner-0.1.0-py3.10.egg-info/zip-safe
/home/augustin/robot-ai-mission-planner/install/robot_ai_mission_planner/lib/python3.10/site-packages/robot_ai_mission_planner-0.1.0-py3.10.egg-info/SOURCES.txt
/home/augustin/robot-ai-mission-planner/install/robot_ai_mission_planner/lib/python3.10/site-packages/robot_ai_mission_planner-0.1.0-py3.10.egg-info/entry_points.txt
/home/augustin/robot-ai-mission-planner/install/robot_ai_mission_planner/lib/python3.10/site-packages/robot_ai_mission_planner-0.1.0-py3.10.egg-info/PKG-INFO
/home/augustin/robot-ai-mission-planner/install/robot_ai_mission_planner/lib/python3.10/site-packages/robot_ai_mission_planner-0.1.0-py3.10.egg-info/dependency_links.txt
/home/augustin/robot-ai-mission-planner/install/robot_ai_mission_planner/lib/robot_ai_mission_planner/initial_pose_publisher
/home/augustin/robot-ai-mission-planner/install/robot_ai_mission_planner/lib/robot_ai_mission_planner/mission_executor
/home/augustin/robot-ai-mission-planner/install/robot_ai_mission_planner/lib/robot_ai_mission_planner/mission_planner
/home/augustin/robot-ai-mission-planner/install/robot_ai_mission_planner/lib/robot_ai_mission_planner/route_recorder
