[0.439s] Invoking command in '/home/augustin/robot-ai-mission-planner/ros2_ws/src/robot_ai_mission_planner': PYTHONPATH=/home/augustin/robot-ai-mission-planner/build/robot_ai_mission_planner/prefix_override:/usr/lib/python3/dist-packages/colcon_core/task/python/colcon_distutils_commands:/home/augustin/robot-ai-mission-planner/install/robot_ai_mission_planner/lib/python3.10/site-packages:${PYTHONPATH} /usr/bin/python3 -W ignore:setup.py install is deprecated -W ignore:easy_install command is deprecated setup.py egg_info --egg-base ../../../build/robot_ai_mission_planner build --build-base /home/augustin/robot-ai-mission-planner/build/robot_ai_mission_planner/build install --record /home/augustin/robot-ai-mission-planner/build/robot_ai_mission_planner/install.log --single-version-externally-managed install_data
[0.599s] running egg_info
[0.599s] creating ../../../build/robot_ai_mission_planner/robot_ai_mission_planner.egg-info
[0.599s] writing ../../../build/robot_ai_mission_planner/robot_ai_mission_planner.egg-info/PKG-INFO
[0.599s] writing dependency_links to ../../../build/robot_ai_mission_planner/robot_ai_mission_planner.egg-info/dependency_links.txt
[0.599s] writing entry points to ../../../build/robot_ai_mission_planner/robot_ai_mission_planner.egg-info/entry_points.txt
[0.600s] writing requirements to ../../../build/robot_ai_mission_planner/robot_ai_mission_planner.egg-info/requires.txt
[0.600s] writing top-level names to ../../../build/robot_ai_mission_planner/robot_ai_mission_planner.egg-info/top_level.txt
[0.600s] writing manifest file '../../../build/robot_ai_mission_planner/robot_ai_mission_planner.egg-info/SOURCES.txt'
[0.601s] reading manifest file '../../../build/robot_ai_mission_planner/robot_ai_mission_planner.egg-info/SOURCES.txt'
[0.601s] writing manifest file '../../../build/robot_ai_mission_planner/robot_ai_mission_planner.egg-info/SOURCES.txt'
[0.602s] running build
[0.602s] running build_py
[0.602s] creating /home/augustin/robot-ai-mission-planner/build/robot_ai_mission_planner/build
[0.602s] creating /home/augustin/robot-ai-mission-planner/build/robot_ai_mission_planner/build/lib
[0.602s] creating /home/augustin/robot-ai-mission-planner/build/robot_ai_mission_planner/build/lib/robot_ai_mission_planner
[0.602s] copying robot_ai_mission_planner/main.py -> /home/augustin/robot-ai-mission-planner/build/robot_ai_mission_planner/build/lib/robot_ai_mission_planner
[0.602s] copying robot_ai_mission_planner/__init__.py -> /home/augustin/robot-ai-mission-planner/build/robot_ai_mission_planner/build/lib/robot_ai_mission_planner
[0.602s] copying robot_ai_mission_planner/initial_pose_publisher.py -> /home/augustin/robot-ai-mission-planner/build/robot_ai_mission_planner/build/lib/robot_ai_mission_planner
[0.602s] copying robot_ai_mission_planner/executor_node.py -> /home/augustin/robot-ai-mission-planner/build/robot_ai_mission_planner/build/lib/robot_ai_mission_planner
[0.602s] copying robot_ai_mission_planner/route_recorder.py -> /home/augustin/robot-ai-mission-planner/build/robot_ai_mission_planner/build/lib/robot_ai_mission_planner
[0.602s] copying robot_ai_mission_planner/mission_subscriber.py -> /home/augustin/robot-ai-mission-planner/build/robot_ai_mission_planner/build/lib/robot_ai_mission_planner
[0.602s] copying robot_ai_mission_planner/mission_publisher.py -> /home/augustin/robot-ai-mission-planner/build/robot_ai_mission_planner/build/lib/robot_ai_mission_planner
[0.602s] creating /home/augustin/robot-ai-mission-planner/build/robot_ai_mission_planner/build/lib/robot_ai_mission_planner/validator
[0.602s] copying robot_ai_mission_planner/validator/json_validator.py -> /home/augustin/robot-ai-mission-planner/build/robot_ai_mission_planner/build/lib/robot_ai_mission_planner/validator
[0.602s] copying robot_ai_mission_planner/validator/__init__.py -> /home/augustin/robot-ai-mission-planner/build/robot_ai_mission_planner/build/lib/robot_ai_mission_planner/validator
[0.602s] creating /home/augustin/robot-ai-mission-planner/build/robot_ai_mission_planner/build/lib/robot_ai_mission_planner/interfaces
[0.602s] copying robot_ai_mission_planner/interfaces/mission_schema.py -> /home/augustin/robot-ai-mission-planner/build/robot_ai_mission_planner/build/lib/robot_ai_mission_planner/interfaces
[0.602s] copying robot_ai_mission_planner/interfaces/__init__.py -> /home/augustin/robot-ai-mission-planner/build/robot_ai_mission_planner/build/lib/robot_ai_mission_planner/interfaces
[0.602s] creating /home/augustin/robot-ai-mission-planner/build/robot_ai_mission_planner/build/lib/robot_ai_mission_planner/executor
[0.602s] copying robot_ai_mission_planner/executor/mission_executor.py -> /home/augustin/robot-ai-mission-planner/build/robot_ai_mission_planner/build/lib/robot_ai_mission_planner/executor
[0.603s] copying robot_ai_mission_planner/executor/__init__.py -> /home/augustin/robot-ai-mission-planner/build/robot_ai_mission_planner/build/lib/robot_ai_mission_planner/executor
[0.603s] creating /home/augustin/robot-ai-mission-planner/build/robot_ai_mission_planner/build/lib/robot_ai_mission_planner/mission_llm
[0.603s] copying robot_ai_mission_planner/mission_llm/prompts.py -> /home/augustin/robot-ai-mission-planner/build/robot_ai_mission_planner/build/lib/robot_ai_mission_planner/mission_llm
[0.603s] copying robot_ai_mission_planner/mission_llm/ollama_planner.py -> /home/augustin/robot-ai-mission-planner/build/robot_ai_mission_planner/build/lib/robot_ai_mission_planner/mission_llm
[0.603s] copying robot_ai_mission_planner/mission_llm/__init__.py -> /home/augustin/robot-ai-mission-planner/build/robot_ai_mission_planner/build/lib/robot_ai_mission_planner/mission_llm
[0.603s] copying robot_ai_mission_planner/mission_llm/rule_based_planner.py -> /home/augustin/robot-ai-mission-planner/build/robot_ai_mission_planner/build/lib/robot_ai_mission_planner/mission_llm
[0.603s] running install
[0.603s] running install_lib
[0.604s] creating /home/augustin/robot-ai-mission-planner/install/robot_ai_mission_planner/lib/python3.10/site-packages/robot_ai_mission_planner
[0.604s] copying /home/augustin/robot-ai-mission-planner/build/robot_ai_mission_planner/build/lib/robot_ai_mission_planner/main.py -> /home/augustin/robot-ai-mission-planner/install/robot_ai_mission_planner/lib/python3.10/site-packages/robot_ai_mission_planner
[0.604s] creating /home/augustin/robot-ai-mission-planner/install/robot_ai_mission_planner/lib/python3.10/site-packages/robot_ai_mission_planner/validator
[0.604s] copying /home/augustin/robot-ai-mission-planner/build/robot_ai_mission_planner/build/lib/robot_ai_mission_planner/validator/json_validator.py -> /home/augustin/robot-ai-mission-planner/install/robot_ai_mission_planner/lib/python3.10/site-packages/robot_ai_mission_planner/validator
[0.604s] copying /home/augustin/robot-ai-mission-planner/build/robot_ai_mission_planner/build/lib/robot_ai_mission_planner/validator/__init__.py -> /home/augustin/robot-ai-mission-planner/install/robot_ai_mission_planner/lib/python3.10/site-packages/robot_ai_mission_planner/validator
[0.604s] copying /home/augustin/robot-ai-mission-planner/build/robot_ai_mission_planner/build/lib/robot_ai_mission_planner/__init__.py -> /home/augustin/robot-ai-mission-planner/install/robot_ai_mission_planner/lib/python3.10/site-packages/robot_ai_mission_planner
[0.604s] creating /home/augustin/robot-ai-mission-planner/install/robot_ai_mission_planner/lib/python3.10/site-packages/robot_ai_mission_planner/interfaces
[0.604s] copying /home/augustin/robot-ai-mission-planner/build/robot_ai_mission_planner/build/lib/robot_ai_mission_planner/interfaces/mission_schema.py -> /home/augustin/robot-ai-mission-planner/install/robot_ai_mission_planner/lib/python3.10/site-packages/robot_ai_mission_planner/interfaces
[0.604s] copying /home/augustin/robot-ai-mission-planner/build/robot_ai_mission_planner/build/lib/robot_ai_mission_planner/interfaces/__init__.py -> /home/augustin/robot-ai-mission-planner/install/robot_ai_mission_planner/lib/python3.10/site-packages/robot_ai_mission_planner/interfaces
[0.605s] copying /home/augustin/robot-ai-mission-planner/build/robot_ai_mission_planner/build/lib/robot_ai_mission_planner/initial_pose_publisher.py -> /home/augustin/robot-ai-mission-planner/install/robot_ai_mission_planner/lib/python3.10/site-packages/robot_ai_mission_planner
[0.605s] copying /home/augustin/robot-ai-mission-planner/build/robot_ai_mission_planner/build/lib/robot_ai_mission_planner/executor_node.py -> /home/augustin/robot-ai-mission-planner/install/robot_ai_mission_planner/lib/python3.10/site-packages/robot_ai_mission_planner
[0.605s] copying /home/augustin/robot-ai-mission-planner/build/robot_ai_mission_planner/build/lib/robot_ai_mission_planner/route_recorder.py -> /home/augustin/robot-ai-mission-planner/install/robot_ai_mission_planner/lib/python3.10/site-packages/robot_ai_mission_planner
[0.605s] copying /home/augustin/robot-ai-mission-planner/build/robot_ai_mission_planner/build/lib/robot_ai_mission_planner/mission_subscriber.py -> /home/augustin/robot-ai-mission-planner/install/robot_ai_mission_planner/lib/python3.10/site-packages/robot_ai_mission_planner
[0.605s] copying /home/augustin/robot-ai-mission-planner/build/robot_ai_mission_planner/build/lib/robot_ai_mission_planner/mission_publisher.py -> /home/augustin/robot-ai-mission-planner/install/robot_ai_mission_planner/lib/python3.10/site-packages/robot_ai_mission_planner
[0.605s] creating /home/augustin/robot-ai-mission-planner/install/robot_ai_mission_planner/lib/python3.10/site-packages/robot_ai_mission_planner/executor
[0.605s] copying /home/augustin/robot-ai-mission-planner/build/robot_ai_mission_planner/build/lib/robot_ai_mission_planner/executor/mission_executor.py -> /home/augustin/robot-ai-mission-planner/install/robot_ai_mission_planner/lib/python3.10/site-packages/robot_ai_mission_planner/executor
[0.605s] copying /home/augustin/robot-ai-mission-planner/build/robot_ai_mission_planner/build/lib/robot_ai_mission_planner/executor/__init__.py -> /home/augustin/robot-ai-mission-planner/install/robot_ai_mission_planner/lib/python3.10/site-packages/robot_ai_mission_planner/executor
[0.605s] creating /home/augustin/robot-ai-mission-planner/install/robot_ai_mission_planner/lib/python3.10/site-packages/robot_ai_mission_planner/mission_llm
[0.605s] copying /home/augustin/robot-ai-mission-planner/build/robot_ai_mission_planner/build/lib/robot_ai_mission_planner/mission_llm/prompts.py -> /home/augustin/robot-ai-mission-planner/install/robot_ai_mission_planner/lib/python3.10/site-packages/robot_ai_mission_planner/mission_llm
[0.605s] copying /home/augustin/robot-ai-mission-planner/build/robot_ai_mission_planner/build/lib/robot_ai_mission_planner/mission_llm/ollama_planner.py -> /home/augustin/robot-ai-mission-planner/install/robot_ai_mission_planner/lib/python3.10/site-packages/robot_ai_mission_planner/mission_llm
[0.605s] copying /home/augustin/robot-ai-mission-planner/build/robot_ai_mission_planner/build/lib/robot_ai_mission_planner/mission_llm/__init__.py -> /home/augustin/robot-ai-mission-planner/install/robot_ai_mission_planner/lib/python3.10/site-packages/robot_ai_mission_planner/mission_llm
[0.605s] copying /home/augustin/robot-ai-mission-planner/build/robot_ai_mission_planner/build/lib/robot_ai_mission_planner/mission_llm/rule_based_planner.py -> /home/augustin/robot-ai-mission-planner/install/robot_ai_mission_planner/lib/python3.10/site-packages/robot_ai_mission_planner/mission_llm
[0.606s] byte-compiling /home/augustin/robot-ai-mission-planner/install/robot_ai_mission_planner/lib/python3.10/site-packages/robot_ai_mission_planner/main.py to main.cpython-310.pyc
[0.606s] byte-compiling /home/augustin/robot-ai-mission-planner/install/robot_ai_mission_planner/lib/python3.10/site-packages/robot_ai_mission_planner/validator/json_validator.py to json_validator.cpython-310.pyc
[0.607s] byte-compiling /home/augustin/robot-ai-mission-planner/install/robot_ai_mission_planner/lib/python3.10/site-packages/robot_ai_mission_planner/validator/__init__.py to __init__.cpython-310.pyc
[0.607s] byte-compiling /home/augustin/robot-ai-mission-planner/install/robot_ai_mission_planner/lib/python3.10/site-packages/robot_ai_mission_planner/__init__.py to __init__.cpython-310.pyc
[0.607s] byte-compiling /home/augustin/robot-ai-mission-planner/install/robot_ai_mission_planner/lib/python3.10/site-packages/robot_ai_mission_planner/interfaces/mission_schema.py to mission_schema.cpython-310.pyc
[0.607s] byte-compiling /home/augustin/robot-ai-mission-planner/install/robot_ai_mission_planner/lib/python3.10/site-packages/robot_ai_mission_planner/interfaces/__init__.py to __init__.cpython-310.pyc
[0.607s] byte-compiling /home/augustin/robot-ai-mission-planner/install/robot_ai_mission_planner/lib/python3.10/site-packages/robot_ai_mission_planner/initial_pose_publisher.py to initial_pose_publisher.cpython-310.pyc
[0.608s] byte-compiling /home/augustin/robot-ai-mission-planner/install/robot_ai_mission_planner/lib/python3.10/site-packages/robot_ai_mission_planner/executor_node.py to executor_node.cpython-310.pyc
[0.608s] byte-compiling /home/augustin/robot-ai-mission-planner/install/robot_ai_mission_planner/lib/python3.10/site-packages/robot_ai_mission_planner/route_recorder.py to route_recorder.cpython-310.pyc
[0.609s] byte-compiling /home/augustin/robot-ai-mission-planner/install/robot_ai_mission_planner/lib/python3.10/site-packages/robot_ai_mission_planner/mission_subscriber.py to mission_subscriber.cpython-310.pyc
[0.609s] byte-compiling /home/augustin/robot-ai-mission-planner/install/robot_ai_mission_planner/lib/python3.10/site-packages/robot_ai_mission_planner/mission_publisher.py to mission_publisher.cpython-310.pyc
[0.609s] byte-compiling /home/augustin/robot-ai-mission-planner/install/robot_ai_mission_planner/lib/python3.10/site-packages/robot_ai_mission_planner/executor/mission_executor.py to mission_executor.cpython-310.pyc
[0.610s] byte-compiling /home/augustin/robot-ai-mission-planner/install/robot_ai_mission_planner/lib/python3.10/site-packages/robot_ai_mission_planner/executor/__init__.py to __init__.cpython-310.pyc
[0.610s] byte-compiling /home/augustin/robot-ai-mission-planner/install/robot_ai_mission_planner/lib/python3.10/site-packages/robot_ai_mission_planner/mission_llm/prompts.py to prompts.cpython-310.pyc
[0.610s] byte-compiling /home/augustin/robot-ai-mission-planner/install/robot_ai_mission_planner/lib/python3.10/site-packages/robot_ai_mission_planner/mission_llm/ollama_planner.py to ollama_planner.cpython-310.pyc
[0.611s] byte-compiling /home/augustin/robot-ai-mission-planner/install/robot_ai_mission_planner/lib/python3.10/site-packages/robot_ai_mission_planner/mission_llm/__init__.py to __init__.cpython-310.pyc
[0.611s] byte-compiling /home/augustin/robot-ai-mission-planner/install/robot_ai_mission_planner/lib/python3.10/site-packages/robot_ai_mission_planner/mission_llm/rule_based_planner.py to rule_based_planner.cpython-310.pyc
[0.611s] running install_data
[0.611s] creating /home/augustin/robot-ai-mission-planner/install/robot_ai_mission_planner/share/ament_index
[0.611s] creating /home/augustin/robot-ai-mission-planner/install/robot_ai_mission_planner/share/ament_index/resource_index
[0.611s] creating /home/augustin/robot-ai-mission-planner/install/robot_ai_mission_planner/share/ament_index/resource_index/packages
[0.611s] copying resource/robot_ai_mission_planner -> /home/augustin/robot-ai-mission-planner/install/robot_ai_mission_planner/share/ament_index/resource_index/packages
[0.611s] copying package.xml -> /home/augustin/robot-ai-mission-planner/install/robot_ai_mission_planner/share/robot_ai_mission_planner
[0.611s] creating /home/augustin/robot-ai-mission-planner/install/robot_ai_mission_planner/share/robot_ai_mission_planner/missions
[0.612s] copying missions/inspection_loop.json -> /home/augustin/robot-ai-mission-planner/install/robot_ai_mission_planner/share/robot_ai_mission_planner/missions
[0.612s] copying missions/perimeter_loop.json -> /home/augustin/robot-ai-mission-planner/install/robot_ai_mission_planner/share/robot_ai_mission_planner/missions
[0.612s] copying missions/sample_mission.json -> /home/augustin/robot-ai-mission-planner/install/robot_ai_mission_planner/share/robot_ai_mission_planner/missions
[0.612s] copying missions/warehouse_route.json -> /home/augustin/robot-ai-mission-planner/install/robot_ai_mission_planner/share/robot_ai_mission_planner/missions
[0.612s] creating /home/augustin/robot-ai-mission-planner/install/robot_ai_mission_planner/share/robot_ai_mission_planner/launch
[0.612s] copying launch/full_system.launch.py -> /home/augustin/robot-ai-mission-planner/install/robot_ai_mission_planner/share/robot_ai_mission_planner/launch
[0.612s] running install_egg_info
[0.613s] Copying ../../../build/robot_ai_mission_planner/robot_ai_mission_planner.egg-info to /home/augustin/robot-ai-mission-planner/install/robot_ai_mission_planner/lib/python3.10/site-packages/robot_ai_mission_planner-0.1.0-py3.10.egg-info
[0.614s] running install_scripts
[0.627s] Installing initial_pose_publisher script to /home/augustin/robot-ai-mission-planner/install/robot_ai_mission_planner/lib/robot_ai_mission_planner
[0.627s] Installing mission_executor script to /home/augustin/robot-ai-mission-planner/install/robot_ai_mission_planner/lib/robot_ai_mission_planner
[0.627s] Installing mission_planner script to /home/augustin/robot-ai-mission-planner/install/robot_ai_mission_planner/lib/robot_ai_mission_planner
[0.628s] Installing route_recorder script to /home/augustin/robot-ai-mission-planner/install/robot_ai_mission_planner/lib/robot_ai_mission_planner
[0.628s] writing list of installed files to '/home/augustin/robot-ai-mission-planner/build/robot_ai_mission_planner/install.log'
[0.643s] Invoked command in '/home/augustin/robot-ai-mission-planner/ros2_ws/src/robot_ai_mission_planner' returned '0': PYTHONPATH=/home/augustin/robot-ai-mission-planner/build/robot_ai_mission_planner/prefix_override:/usr/lib/python3/dist-packages/colcon_core/task/python/colcon_distutils_commands:/home/augustin/robot-ai-mission-planner/install/robot_ai_mission_planner/lib/python3.10/site-packages:${PYTHONPATH} /usr/bin/python3 -W ignore:setup.py install is deprecated -W ignore:easy_install command is deprecated setup.py egg_info --egg-base ../../../build/robot_ai_mission_planner build --build-base /home/augustin/robot-ai-mission-planner/build/robot_ai_mission_planner/build install --record /home/augustin/robot-ai-mission-planner/build/robot_ai_mission_planner/install.log --single-version-externally-managed install_data
